// Vitest Snapshot v1, https://vitest.dev/guide/snapshot.html

exports[`Interesting edge cases 1`] = `/\\(\\?:0\\|\\[1-9\\]\\|\\[1-9\\]\\\\d\\{1,5\\}\\|1000000\\)/`;

exports[`Interesting edge cases 2`] = `/\\(\\?:999\\|1000\\)/`;

exports[`Interesting edge cases 3`] = `/\\(\\?:1000\\|100\\[1-9\\]\\|10\\[1-9\\]\\\\d\\|1\\[1-9\\]\\\\d\\{2\\}\\|\\[2-9\\]\\\\d\\{3\\}\\|\\[1-8\\]\\\\d\\{4\\}\\|9\\[0-8\\]\\\\d\\{3\\}\\|99\\[0-8\\]\\\\d\\{2\\}\\|999\\[0-8\\]\\\\d\\|9999\\[0-8\\]\\|99999\\)/`;

exports[`Interesting edge cases 4`] = `/\\(\\?:12345\\|12346\\)/`;

exports[`Interesting edge cases 5`] = `/\\(\\?:23456\\|2345\\[7-9\\]\\|234\\[6-9\\]\\\\d\\|23\\[5-9\\]\\\\d\\{2\\}\\|2\\[4-9\\]\\\\d\\{3\\}\\|3\\[0-3\\]\\\\d\\{3\\}\\|34\\[0-4\\]\\\\d\\{2\\}\\|345\\[0-5\\]\\\\d\\|3456\\[0-6\\]\\|34567\\)/`;

exports[`Interesting edge cases 6`] = `/\\(\\?:34567\\|3456\\[8-9\\]\\|345\\[7-9\\]\\\\d\\|34\\[6-9\\]\\\\d\\{2\\}\\|3\\[5-9\\]\\\\d\\{3\\}\\|\\[4-7\\]\\\\d\\{4\\}\\|8\\[0-2\\]\\\\d\\{3\\}\\|83\\[0-3\\]\\\\d\\{2\\}\\|834\\[0-4\\]\\\\d\\|8345\\[0-5\\]\\|83456\\)/`;

exports[`Invalid input 1`] = `[Error: Min must not be greater than max]`;

exports[`Options 1`] = `/\\^\\(\\?:0\\|\\[1-9\\]\\|\\[1-9\\]\\\\d\\|100\\)\\$/`;

exports[`Primitive cases 1`] = `/0/`;

exports[`Primitive cases 2`] = `/\\(\\?:0\\|1\\)/`;

exports[`Primitive cases 3`] = `/\\(\\?:-1\\|0\\)/`;

exports[`Primitive cases 4`] = `/\\(\\?:-1\\|\\(\\?:0\\|1\\)\\)/`;

exports[`Primitive cases 5`] = `/-1/`;

exports[`Primitive cases 6`] = `/1/`;
